[kamleshyadav.com/html/shopmartio/html/Bootstrap4/shopping/assets/images/fav.png]
[backblue.gif]
[fade.gif]
[index.html]
[kamleshyadav.com/html/shopmartio/html/Bootstrap4/shopping/assets/images/header_logo.png]
[kamleshyadav.com/html/shopmartio/html/Bootstrap4/shopping/assets/images/header_category.png]
[kamleshyadav.com/html/shopmartio/html/Bootstrap4/shopping/assets/images/cart_img2.jpg]
[kamleshyadav.com/html/shopmartio/html/Bootstrap4/shopping/assets/images/cart_img1.jpg]
[kamleshyadav.com/html/shopmartio/html/Bootstrap4/shopping/assets/images/banner_img.png]
[kamleshyadav.com/html/shopmartio/html/Bootstrap4/shopping/assets/images/category_img1.jpg]
[kamleshyadav.com/html/shopmartio/html/Bootstrap4/shopping/assets/images/category_img2.jpg]
[kamleshyadav.com/html/shopmartio/html/Bootstrap4/shopping/assets/images/category_img3.jpg]
[kamleshyadav.com/html/shopmartio/html/Bootstrap4/shopping/assets/images/category_img4.jpg]
[kamleshyadav.com/html/shopmartio/html/Bootstrap4/shopping/assets/images/filter_img1.jpg]
[kamleshyadav.com/html/shopmartio/html/Bootstrap4/shopping/assets/images/filter_img2.jpg]
[kamleshyadav.com/html/shopmartio/html/Bootstrap4/shopping/assets/images/filter_img3.jpg]
[kamleshyadav.com/html/shopmartio/html/Bootstrap4/shopping/assets/images/filter_img4.jpg]
[kamleshyadav.com/html/shopmartio/html/Bootstrap4/shopping/assets/images/filter_img5.jpg]
[kamleshyadav.com/html/shopmartio/html/Bootstrap4/shopping/assets/images/filter_img6.jpg]
[kamleshyadav.com/html/shopmartio/html/Bootstrap4/shopping/assets/images/filter_img7.jpg]
[kamleshyadav.com/html/shopmartio/html/Bootstrap4/shopping/assets/images/filter_img8.jpg]
[kamleshyadav.com/html/shopmartio/html/Bootstrap4/shopping/assets/images/sale_img1.png]
[kamleshyadav.com/html/shopmartio/html/Bootstrap4/shopping/assets/images/slider_img1.jpg]
[kamleshyadav.com/html/shopmartio/html/Bootstrap4/shopping/assets/images/slider_img2.jpg]
[kamleshyadav.com/html/shopmartio/html/Bootstrap4/shopping/assets/images/slider_img3.jpg]
[kamleshyadav.com/html/shopmartio/html/Bootstrap4/shopping/assets/images/slider_img4.jpg]
[kamleshyadav.com/html/shopmartio/html/Bootstrap4/shopping/assets/images/slider_img5.jpg]
[kamleshyadav.com/html/shopmartio/html/Bootstrap4/shopping/assets/images/slider_img6.jpg]
[kamleshyadav.com/html/shopmartio/html/Bootstrap4/shopping/assets/images/slider_img7.jpg]
[kamleshyadav.com/html/shopmartio/html/Bootstrap4/shopping/assets/images/slider_img8.jpg]
[kamleshyadav.com/html/shopmartio/html/Bootstrap4/shopping/assets/images/slider_img9.jpg]
[kamleshyadav.com/html/shopmartio/html/Bootstrap4/shopping/assets/images/google_tag.png]
[kamleshyadav.com/html/shopmartio/html/Bootstrap4/shopping/assets/js/jquery.min.js]
[kamleshyadav.com/html/shopmartio/html/Bootstrap4/shopping/assets/js/bootstrap.min.js]
[kamleshyadav.com/html/shopmartio/html/Bootstrap4/shopping/assets/js/SmoothScroll.min.js]
[kamleshyadav.com/html/shopmartio/html/Bootstrap4/shopping/assets/js/swiper.min.js]
[kamleshyadav.com/html/shopmartio/html/Bootstrap4/shopping/assets/js/wow.min.js]
[kamleshyadav.com/html/shopmartio/html/Bootstrap4/shopping/assets/js/jquery.magnific-popup.min.js]
[kamleshyadav.com/html/shopmartio/html/Bootstrap4/shopping/assets/js/jquery.mixitup.min.js]
[kamleshyadav.com/html/shopmartio/html/Bootstrap4/shopping/assets/js/select.min.js]
[kamleshyadav.com/html/shopmartio/html/Bootstrap4/shopping/assets/js/custom.js]
[kamleshyadav.com/html/shopmartio/html/Bootstrap4/shopping/index.html]
[kamleshyadav.com/html/shopmartio/html/Bootstrap4/shopping/assets/css/bootstrap.min.css]
[kamleshyadav.com/html/shopmartio/html/Bootstrap4/shopping/assets/css/animate.css]
[kamleshyadav.com/html/shopmartio/html/Bootstrap4/shopping/assets/css/swiper.min.css]
[kamleshyadav.com/html/shopmartio/html/Bootstrap4/shopping/assets/css/magnific-popup.css]
[kamleshyadav.com/html/shopmartio/html/Bootstrap4/shopping/assets/css/font.css]
[kamleshyadav.com/html/shopmartio/html/Bootstrap4/shopping/assets/webfonts/fa-brands-400.eot]
[kamleshyadav.com/html/shopmartio/html/Bootstrap4/shopping/assets/webfonts/fa-brands-400d41d.eot]
[kamleshyadav.com/html/shopmartio/html/Bootstrap4/shopping/assets/webfonts/fa-brands-400.woff2]
[kamleshyadav.com/html/shopmartio/html/Bootstrap4/shopping/assets/webfonts/fa-brands-400.woff]
[kamleshyadav.com/html/shopmartio/html/Bootstrap4/shopping/assets/webfonts/fa-brands-400.ttf]
[kamleshyadav.com/html/shopmartio/html/Bootstrap4/shopping/assets/webfonts/fa-regular-400.eot]
[kamleshyadav.com/html/shopmartio/html/Bootstrap4/shopping/assets/webfonts/fa-regular-400d41d.eot]
[kamleshyadav.com/html/shopmartio/html/Bootstrap4/shopping/assets/webfonts/fa-regular-400.woff2]
[kamleshyadav.com/html/shopmartio/html/Bootstrap4/shopping/assets/webfonts/fa-regular-400.woff]
[kamleshyadav.com/html/shopmartio/html/Bootstrap4/shopping/assets/webfonts/fa-regular-400.ttf]
[kamleshyadav.com/html/shopmartio/html/Bootstrap4/shopping/assets/webfonts/fa-solid-900.eot]
[kamleshyadav.com/html/shopmartio/html/Bootstrap4/shopping/assets/webfonts/fa-solid-900d41d.eot]
[kamleshyadav.com/html/shopmartio/html/Bootstrap4/shopping/assets/webfonts/fa-solid-900.woff2]
[kamleshyadav.com/html/shopmartio/html/Bootstrap4/shopping/assets/webfonts/fa-solid-900.woff]
[kamleshyadav.com/html/shopmartio/html/Bootstrap4/shopping/assets/webfonts/fa-solid-900.ttf]
[kamleshyadav.com/html/shopmartio/html/Bootstrap4/shopping/assets/css/font-awesome.min.css]
[kamleshyadav.com/html/shopmartio/html/Bootstrap4/shopping/assets/css/select.min.css]
[kamleshyadav.com/html/shopmartio/html/Bootstrap4/shopping/assets/images/body_bg.jpg]
[kamleshyadav.com/html/shopmartio/html/Bootstrap4/shopping/assets/images/baner_bg.png]
[kamleshyadav.com/html/shopmartio/html/Bootstrap4/shopping/assets/images/counter_bg.png]
[kamleshyadav.com/html/shopmartio/html/Bootstrap4/shopping/assets/images/services_bg.png]
[kamleshyadav.com/html/shopmartio/html/Bootstrap4/shopping/assets/images/sale_img2.png]
[kamleshyadav.com/html/shopmartio/html/Bootstrap4/shopping/assets/images/inner_banner_bg.jpg]
[kamleshyadav.com/html/shopmartio/html/Bootstrap4/shopping/assets/css/style.css]
[kamleshyadav.com/html/shopmartio/html/Bootstrap4/shopping/assets/images/header_search.svg]
[kamleshyadav.com/html/shopmartio/html/Bootstrap4/shopping/assets/images/color_check.png]
[kamleshyadav.com/html/shopmartio/html/Bootstrap4/shopping/collection.html]
[kamleshyadav.com/html/shopmartio/html/Bootstrap4/shopping/contact.html]
[kamleshyadav.com/html/shopmartio/html/Bootstrap4/shopping/wishlist.html]
[kamleshyadav.com/html/shopmartio/html/Bootstrap4/shopping/cart.html]
[kamleshyadav.com/html/shopmartio/html/Bootstrap4/shopping/checkout.html]
[kamleshyadav.com/html/shopmartio/html/Bootstrap4/shopping/assets/images/banner_shp1.svg]
[kamleshyadav.com/html/shopmartio/html/Bootstrap4/shopping/assets/images/banner_shp2.svg]
[kamleshyadav.com/html/shopmartio/html/Bootstrap4/shopping/assets/images/banner_shp3.svg]
[kamleshyadav.com/html/shopmartio/html/Bootstrap4/shopping/assets/images/banner_shp4.svg]
[kamleshyadav.com/html/shopmartio/html/Bootstrap4/shopping/assets/images/banner_shp5.svg]
[kamleshyadav.com/html/shopmartio/html/Bootstrap4/shopping/assets/images/banner_shp6.svg]
[kamleshyadav.com/html/shopmartio/html/Bootstrap4/shopping/assets/images/banner_shp7.svg]
[kamleshyadav.com/html/shopmartio/html/Bootstrap4/shopping/assets/images/pd_img1.jpg]
[kamleshyadav.com/html/shopmartio/html/Bootstrap4/shopping/assets/images/pd_img2.jpg]
[kamleshyadav.com/html/shopmartio/html/Bootstrap4/shopping/assets/images/pd_img3.jpg]
[kamleshyadav.com/html/shopmartio/html/Bootstrap4/shopping/assets/images/pd_img4.jpg]
[kamleshyadav.com/html/shopmartio/html/Bootstrap4/shopping/assets/images/pd_img5.jpg]
[kamleshyadav.com/html/shopmartio/html/Bootstrap4/shopping/product_detail.html]
[kamleshyadav.com/html/shopmartio/html/Bootstrap4/shopping/product_detail-2.html]
[kamleshyadav.com/html/shopmartio/html/Bootstrap4/shopping/assets/images/star.svg]
[kamleshyadav.com/html/shopmartio/html/Bootstrap4/shopping/assets/images/apple_tag.svg]
[kamleshyadav.com/html/shopmartio/html/Bootstrap4/shopping/assets/js/tilt.html]
[kamleshyadav.com/html/shopmartio/html/Bootstrap4/shopping/assets/webfonts/fa-brands-400.svg]
[kamleshyadav.com/html/shopmartio/html/Bootstrap4/shopping/assets/webfonts/fa-regular-400.svg]
[kamleshyadav.com/html/shopmartio/html/Bootstrap4/shopping/assets/webfonts/fa-solid-900.svg]
[kamleshyadav.com/html/shopmartio/html/Bootstrap4/shopping/assets/images/remove.svg]
[kamleshyadav.com/html/shopmartio/html/Bootstrap4/shopping/assets/images/add_cart.svg]
